Archive member included to satisfy reference by file (symbol)

C:\Users\fabio\Documents\ArduinoSketchFranizinho\ArduinoSketchFranizinho\ArduinoCore\Debug\libArduinoCore.a(main.o)
                              C:/Program Files (x86)/Atmel/Studio/7.0/Packs/atmel/ATtiny_DFP/1.2.118/gcc/dev/attiny85/avr25/crtattiny85.o (main)
C:\Users\fabio\Documents\ArduinoSketchFranizinho\ArduinoSketchFranizinho\ArduinoCore\Debug\libArduinoCore.a(wiring.o)
                              Sketch.o (delay)
C:\Users\fabio\Documents\ArduinoSketchFranizinho\ArduinoSketchFranizinho\ArduinoCore\Debug\libArduinoCore.a(wiring_digital.o)
                              Sketch.o (pinMode)
C:\Users\fabio\Documents\ArduinoSketchFranizinho\ArduinoSketchFranizinho\ArduinoCore\Debug\libArduinoCore.a(hooks.o)
                              C:\Users\fabio\Documents\ArduinoSketchFranizinho\ArduinoSketchFranizinho\ArduinoCore\Debug\libArduinoCore.a(wiring.o) (yield)
c:/program files (x86)/atmel/studio/7.0/toolchain/avr8/avr8-gnu-toolchain/bin/../lib/gcc/avr/5.4.0/avr25\libgcc.a(_exit.o)
                              C:/Program Files (x86)/Atmel/Studio/7.0/Packs/atmel/ATtiny_DFP/1.2.118/gcc/dev/attiny85/avr25/crtattiny85.o (exit)
c:/program files (x86)/atmel/studio/7.0/toolchain/avr8/avr8-gnu-toolchain/bin/../lib/gcc/avr/5.4.0/avr25\libgcc.a(_clear_bss.o)
                              C:\Users\fabio\Documents\ArduinoSketchFranizinho\ArduinoSketchFranizinho\ArduinoCore\Debug\libArduinoCore.a(wiring.o) (__do_clear_bss)

Discarded input sections

 .data          0x00000000        0x0 C:/Program Files (x86)/Atmel/Studio/7.0/Packs/atmel/ATtiny_DFP/1.2.118/gcc/dev/attiny85/avr25/crtattiny85.o
 .bss           0x00000000        0x0 C:/Program Files (x86)/Atmel/Studio/7.0/Packs/atmel/ATtiny_DFP/1.2.118/gcc/dev/attiny85/avr25/crtattiny85.o
 .text          0x00000000        0x0 Sketch.o
 .data          0x00000000        0x0 Sketch.o
 .bss           0x00000000        0x0 Sketch.o
 .text          0x00000000        0x0 C:\Users\fabio\Documents\ArduinoSketchFranizinho\ArduinoSketchFranizinho\ArduinoCore\Debug\libArduinoCore.a(main.o)
 .data          0x00000000        0x0 C:\Users\fabio\Documents\ArduinoSketchFranizinho\ArduinoSketchFranizinho\ArduinoCore\Debug\libArduinoCore.a(main.o)
 .bss           0x00000000        0x0 C:\Users\fabio\Documents\ArduinoSketchFranizinho\ArduinoSketchFranizinho\ArduinoCore\Debug\libArduinoCore.a(main.o)
 .text.atexit   0x00000000        0x6 C:\Users\fabio\Documents\ArduinoSketchFranizinho\ArduinoSketchFranizinho\ArduinoCore\Debug\libArduinoCore.a(main.o)
 .text.initVariant
                0x00000000        0x2 C:\Users\fabio\Documents\ArduinoSketchFranizinho\ArduinoSketchFranizinho\ArduinoCore\Debug\libArduinoCore.a(main.o)
 .text._Z8setupUSBv
                0x00000000        0x2 C:\Users\fabio\Documents\ArduinoSketchFranizinho\ArduinoSketchFranizinho\ArduinoCore\Debug\libArduinoCore.a(main.o)
 .text          0x00000000        0x0 C:\Users\fabio\Documents\ArduinoSketchFranizinho\ArduinoSketchFranizinho\ArduinoCore\Debug\libArduinoCore.a(wiring.o)
 .data          0x00000000        0x0 C:\Users\fabio\Documents\ArduinoSketchFranizinho\ArduinoSketchFranizinho\ArduinoCore\Debug\libArduinoCore.a(wiring.o)
 .bss           0x00000000        0x0 C:\Users\fabio\Documents\ArduinoSketchFranizinho\ArduinoSketchFranizinho\ArduinoCore\Debug\libArduinoCore.a(wiring.o)
 .text.millis   0x00000000       0x18 C:\Users\fabio\Documents\ArduinoSketchFranizinho\ArduinoSketchFranizinho\ArduinoCore\Debug\libArduinoCore.a(wiring.o)
 .text.delayMicroseconds
                0x00000000       0x12 C:\Users\fabio\Documents\ArduinoSketchFranizinho\ArduinoSketchFranizinho\ArduinoCore\Debug\libArduinoCore.a(wiring.o)
 .text          0x00000000        0x0 C:\Users\fabio\Documents\ArduinoSketchFranizinho\ArduinoSketchFranizinho\ArduinoCore\Debug\libArduinoCore.a(wiring_digital.o)
 .data          0x00000000        0x0 C:\Users\fabio\Documents\ArduinoSketchFranizinho\ArduinoSketchFranizinho\ArduinoCore\Debug\libArduinoCore.a(wiring_digital.o)
 .bss           0x00000000        0x0 C:\Users\fabio\Documents\ArduinoSketchFranizinho\ArduinoSketchFranizinho\ArduinoCore\Debug\libArduinoCore.a(wiring_digital.o)
 .text.digitalRead
                0x00000000       0x50 C:\Users\fabio\Documents\ArduinoSketchFranizinho\ArduinoSketchFranizinho\ArduinoCore\Debug\libArduinoCore.a(wiring_digital.o)
 .progmem.data.port_to_input_PGM
                0x00000000        0x6 C:\Users\fabio\Documents\ArduinoSketchFranizinho\ArduinoSketchFranizinho\ArduinoCore\Debug\libArduinoCore.a(wiring_digital.o)
 .text          0x00000000        0x0 C:\Users\fabio\Documents\ArduinoSketchFranizinho\ArduinoSketchFranizinho\ArduinoCore\Debug\libArduinoCore.a(hooks.o)
 .data          0x00000000        0x0 C:\Users\fabio\Documents\ArduinoSketchFranizinho\ArduinoSketchFranizinho\ArduinoCore\Debug\libArduinoCore.a(hooks.o)
 .bss           0x00000000        0x0 C:\Users\fabio\Documents\ArduinoSketchFranizinho\ArduinoSketchFranizinho\ArduinoCore\Debug\libArduinoCore.a(hooks.o)
 .text          0x00000000        0x0 c:/program files (x86)/atmel/studio/7.0/toolchain/avr8/avr8-gnu-toolchain/bin/../lib/gcc/avr/5.4.0/avr25\libgcc.a(_exit.o)
 .data          0x00000000        0x0 c:/program files (x86)/atmel/studio/7.0/toolchain/avr8/avr8-gnu-toolchain/bin/../lib/gcc/avr/5.4.0/avr25\libgcc.a(_exit.o)
 .bss           0x00000000        0x0 c:/program files (x86)/atmel/studio/7.0/toolchain/avr8/avr8-gnu-toolchain/bin/../lib/gcc/avr/5.4.0/avr25\libgcc.a(_exit.o)
 .text.libgcc.mul
                0x00000000        0x0 c:/program files (x86)/atmel/studio/7.0/toolchain/avr8/avr8-gnu-toolchain/bin/../lib/gcc/avr/5.4.0/avr25\libgcc.a(_exit.o)
 .text.libgcc.div
                0x00000000        0x0 c:/program files (x86)/atmel/studio/7.0/toolchain/avr8/avr8-gnu-toolchain/bin/../lib/gcc/avr/5.4.0/avr25\libgcc.a(_exit.o)
 .text.libgcc   0x00000000        0x0 c:/program files (x86)/atmel/studio/7.0/toolchain/avr8/avr8-gnu-toolchain/bin/../lib/gcc/avr/5.4.0/avr25\libgcc.a(_exit.o)
 .text.libgcc.prologue
                0x00000000        0x0 c:/program files (x86)/atmel/studio/7.0/toolchain/avr8/avr8-gnu-toolchain/bin/../lib/gcc/avr/5.4.0/avr25\libgcc.a(_exit.o)
 .text.libgcc.builtins
                0x00000000        0x0 c:/program files (x86)/atmel/studio/7.0/toolchain/avr8/avr8-gnu-toolchain/bin/../lib/gcc/avr/5.4.0/avr25\libgcc.a(_exit.o)
 .text.libgcc.fmul
                0x00000000        0x0 c:/program files (x86)/atmel/studio/7.0/toolchain/avr8/avr8-gnu-toolchain/bin/../lib/gcc/avr/5.4.0/avr25\libgcc.a(_exit.o)
 .text.libgcc.fixed
                0x00000000        0x0 c:/program files (x86)/atmel/studio/7.0/toolchain/avr8/avr8-gnu-toolchain/bin/../lib/gcc/avr/5.4.0/avr25\libgcc.a(_exit.o)
 .text          0x00000000        0x0 c:/program files (x86)/atmel/studio/7.0/toolchain/avr8/avr8-gnu-toolchain/bin/../lib/gcc/avr/5.4.0/avr25\libgcc.a(_clear_bss.o)
 .data          0x00000000        0x0 c:/program files (x86)/atmel/studio/7.0/toolchain/avr8/avr8-gnu-toolchain/bin/../lib/gcc/avr/5.4.0/avr25\libgcc.a(_clear_bss.o)
 .bss           0x00000000        0x0 c:/program files (x86)/atmel/studio/7.0/toolchain/avr8/avr8-gnu-toolchain/bin/../lib/gcc/avr/5.4.0/avr25\libgcc.a(_clear_bss.o)
 .text.libgcc.mul
                0x00000000        0x0 c:/program files (x86)/atmel/studio/7.0/toolchain/avr8/avr8-gnu-toolchain/bin/../lib/gcc/avr/5.4.0/avr25\libgcc.a(_clear_bss.o)
 .text.libgcc.div
                0x00000000        0x0 c:/program files (x86)/atmel/studio/7.0/toolchain/avr8/avr8-gnu-toolchain/bin/../lib/gcc/avr/5.4.0/avr25\libgcc.a(_clear_bss.o)
 .text.libgcc   0x00000000        0x0 c:/program files (x86)/atmel/studio/7.0/toolchain/avr8/avr8-gnu-toolchain/bin/../lib/gcc/avr/5.4.0/avr25\libgcc.a(_clear_bss.o)
 .text.libgcc.prologue
                0x00000000        0x0 c:/program files (x86)/atmel/studio/7.0/toolchain/avr8/avr8-gnu-toolchain/bin/../lib/gcc/avr/5.4.0/avr25\libgcc.a(_clear_bss.o)
 .text.libgcc.builtins
                0x00000000        0x0 c:/program files (x86)/atmel/studio/7.0/toolchain/avr8/avr8-gnu-toolchain/bin/../lib/gcc/avr/5.4.0/avr25\libgcc.a(_clear_bss.o)
 .text.libgcc.fmul
                0x00000000        0x0 c:/program files (x86)/atmel/studio/7.0/toolchain/avr8/avr8-gnu-toolchain/bin/../lib/gcc/avr/5.4.0/avr25\libgcc.a(_clear_bss.o)
 .text.libgcc.fixed
                0x00000000        0x0 c:/program files (x86)/atmel/studio/7.0/toolchain/avr8/avr8-gnu-toolchain/bin/../lib/gcc/avr/5.4.0/avr25\libgcc.a(_clear_bss.o)

Memory Configuration

Name             Origin             Length             Attributes
text             0x00000000         0x00002000         xr
data             0x00800060         0x0000ffa0         rw !x
eeprom           0x00810000         0x00010000         rw !x
fuse             0x00820000         0x00000003         rw !x
lock             0x00830000         0x00000400         rw !x
signature        0x00840000         0x00000400         rw !x
user_signatures  0x00850000         0x00000400         rw !x
*default*        0x00000000         0xffffffff

Linker script and memory map

LOAD C:/Program Files (x86)/Atmel/Studio/7.0/Packs/atmel/ATtiny_DFP/1.2.118/gcc/dev/attiny85/avr25/crtattiny85.o
LOAD Sketch.o
START GROUP
LOAD c:/program files (x86)/atmel/studio/7.0/toolchain/avr8/avr8-gnu-toolchain/bin/../lib/gcc/avr/5.4.0/../../../../avr/lib/avr25\libm.a
LOAD C:\Users\fabio\Documents\ArduinoSketchFranizinho\ArduinoSketchFranizinho\ArduinoCore\Debug\libArduinoCore.a
END GROUP
LOAD c:/program files (x86)/atmel/studio/7.0/toolchain/avr8/avr8-gnu-toolchain/bin/../lib/gcc/avr/5.4.0/avr25\libgcc.a
LOAD c:/program files (x86)/atmel/studio/7.0/toolchain/avr8/avr8-gnu-toolchain/bin/../lib/gcc/avr/5.4.0/../../../../avr/lib/avr25\libm.a
START GROUP
LOAD c:/program files (x86)/atmel/studio/7.0/toolchain/avr8/avr8-gnu-toolchain/bin/../lib/gcc/avr/5.4.0/avr25\libgcc.a
LOAD c:/program files (x86)/atmel/studio/7.0/toolchain/avr8/avr8-gnu-toolchain/bin/../lib/gcc/avr/5.4.0/../../../../avr/lib/avr25\libm.a
LOAD c:/program files (x86)/atmel/studio/7.0/toolchain/avr8/avr8-gnu-toolchain/bin/../lib/gcc/avr/5.4.0/../../../../avr/lib/avr25\libc.a
LOAD C:/Program Files (x86)/Atmel/Studio/7.0/Packs/atmel/ATtiny_DFP/1.2.118/gcc/dev/attiny85/avr25\libattiny85.a
END GROUP
                0x00002000                __TEXT_REGION_LENGTH__ = DEFINED (__TEXT_REGION_LENGTH__)?__TEXT_REGION_LENGTH__:0x2000
                0x0000ffa0                __DATA_REGION_LENGTH__ = DEFINED (__DATA_REGION_LENGTH__)?__DATA_REGION_LENGTH__:0xffa0
                0x00010000                __EEPROM_REGION_LENGTH__ = DEFINED (__EEPROM_REGION_LENGTH__)?__EEPROM_REGION_LENGTH__:0x10000
                [0x00000003]                __FUSE_REGION_LENGTH__ = DEFINED (__FUSE_REGION_LENGTH__)?__FUSE_REGION_LENGTH__:0x400
                0x00000400                __LOCK_REGION_LENGTH__ = DEFINED (__LOCK_REGION_LENGTH__)?__LOCK_REGION_LENGTH__:0x400
                0x00000400                __SIGNATURE_REGION_LENGTH__ = DEFINED (__SIGNATURE_REGION_LENGTH__)?__SIGNATURE_REGION_LENGTH__:0x400
                0x00000400                __USER_SIGNATURE_REGION_LENGTH__ = DEFINED (__USER_SIGNATURE_REGION_LENGTH__)?__USER_SIGNATURE_REGION_LENGTH__:0x400

.hash
 *(.hash)

.dynsym
 *(.dynsym)

.dynstr
 *(.dynstr)

.gnu.version
 *(.gnu.version)

.gnu.version_d
 *(.gnu.version_d)

.gnu.version_r
 *(.gnu.version_r)

.rel.init
 *(.rel.init)

.rela.init
 *(.rela.init)

.rel.text
 *(.rel.text)
 *(.rel.text.*)
 *(.rel.gnu.linkonce.t*)

.rela.text
 *(.rela.text)
 *(.rela.text.*)
 *(.rela.gnu.linkonce.t*)

.rel.fini
 *(.rel.fini)

.rela.fini
 *(.rela.fini)

.rel.rodata
 *(.rel.rodata)
 *(.rel.rodata.*)
 *(.rel.gnu.linkonce.r*)

.rela.rodata
 *(.rela.rodata)
 *(.rela.rodata.*)
 *(.rela.gnu.linkonce.r*)

.rel.data
 *(.rel.data)
 *(.rel.data.*)
 *(.rel.gnu.linkonce.d*)

.rela.data
 *(.rela.data)
 *(.rela.data.*)
 *(.rela.gnu.linkonce.d*)

.rel.ctors
 *(.rel.ctors)

.rela.ctors
 *(.rela.ctors)

.rel.dtors
 *(.rel.dtors)

.rela.dtors
 *(.rela.dtors)

.rel.got
 *(.rel.got)

.rela.got
 *(.rela.got)

.rel.bss
 *(.rel.bss)

.rela.bss
 *(.rela.bss)

.rel.plt
 *(.rel.plt)

.rela.plt
 *(.rela.plt)

.text           0x00000000      0x33a
 *(.vectors)
 .vectors       0x00000000       0x1e C:/Program Files (x86)/Atmel/Studio/7.0/Packs/atmel/ATtiny_DFP/1.2.118/gcc/dev/attiny85/avr25/crtattiny85.o
                0x00000000                __vector_default
                0x00000000                __vectors
 *(.vectors)
 *(.progmem.gcc*)
                0x0000001e                . = ALIGN (0x2)
                0x0000001e                __trampolines_start = .
 *(.trampolines)
 .trampolines   0x0000001e        0x0 linker stubs
 *(.trampolines*)
                0x0000001e                __trampolines_end = .
 *libprintf_flt.a:*(.progmem.data)
 *libc.a:*(.progmem.data)
 *(.progmem*)
 .progmem.data.digital_pin_to_timer_PGM
                0x0000001e        0xa C:\Users\fabio\Documents\ArduinoSketchFranizinho\ArduinoSketchFranizinho\ArduinoCore\Debug\libArduinoCore.a(wiring_digital.o)
                0x0000001e                digital_pin_to_timer_PGM
 .progmem.data.digital_pin_to_bit_mask_PGM
                0x00000028        0xa C:\Users\fabio\Documents\ArduinoSketchFranizinho\ArduinoSketchFranizinho\ArduinoCore\Debug\libArduinoCore.a(wiring_digital.o)
                0x00000028                digital_pin_to_bit_mask_PGM
 .progmem.data.digital_pin_to_port_PGM
                0x00000032        0xa C:\Users\fabio\Documents\ArduinoSketchFranizinho\ArduinoSketchFranizinho\ArduinoCore\Debug\libArduinoCore.a(wiring_digital.o)
                0x00000032                digital_pin_to_port_PGM
 .progmem.data.port_to_output_PGM
                0x0000003c        0x6 C:\Users\fabio\Documents\ArduinoSketchFranizinho\ArduinoSketchFranizinho\ArduinoCore\Debug\libArduinoCore.a(wiring_digital.o)
                0x0000003c                port_to_output_PGM
 .progmem.data.port_to_mode_PGM
                0x00000042        0x6 C:\Users\fabio\Documents\ArduinoSketchFranizinho\ArduinoSketchFranizinho\ArduinoCore\Debug\libArduinoCore.a(wiring_digital.o)
                0x00000042                port_to_mode_PGM
                0x00000048                . = ALIGN (0x2)
 *(.jumptables)
 *(.jumptables*)
 *(.lowtext)
 *(.lowtext*)
                0x00000048                __ctors_start = .
 *(.ctors)
                0x00000048                __ctors_end = .
                0x00000048                __dtors_start = .
 *(.dtors)
                0x00000048                __dtors_end = .
 SORT(*)(.ctors)
 SORT(*)(.dtors)
 *(.init0)
 .init0         0x00000048        0x0 C:/Program Files (x86)/Atmel/Studio/7.0/Packs/atmel/ATtiny_DFP/1.2.118/gcc/dev/attiny85/avr25/crtattiny85.o
                0x00000048                __init
 *(.init0)
 *(.init1)
 *(.init1)
 *(.init2)
 .init2         0x00000048        0xc C:/Program Files (x86)/Atmel/Studio/7.0/Packs/atmel/ATtiny_DFP/1.2.118/gcc/dev/attiny85/avr25/crtattiny85.o
 *(.init2)
 *(.init3)
 *(.init3)
 *(.init4)
 .init4         0x00000054       0x10 c:/program files (x86)/atmel/studio/7.0/toolchain/avr8/avr8-gnu-toolchain/bin/../lib/gcc/avr/5.4.0/avr25\libgcc.a(_clear_bss.o)
                0x00000054                __do_clear_bss
 *(.init4)
 *(.init5)
 *(.init5)
 *(.init6)
 *(.init6)
 *(.init7)
 *(.init7)
 *(.init8)
 *(.init8)
 *(.init9)
 .init9         0x00000064        0x4 C:/Program Files (x86)/Atmel/Studio/7.0/Packs/atmel/ATtiny_DFP/1.2.118/gcc/dev/attiny85/avr25/crtattiny85.o
 *(.init9)
 *(.text)
 .text          0x00000068        0x2 C:/Program Files (x86)/Atmel/Studio/7.0/Packs/atmel/ATtiny_DFP/1.2.118/gcc/dev/attiny85/avr25/crtattiny85.o
                0x00000068                __vector_1
                0x00000068                __vector_12
                0x00000068                __bad_interrupt
                0x00000068                __vector_6
                0x00000068                __vector_3
                0x00000068                __vector_11
                0x00000068                __vector_13
                0x00000068                __vector_7
                0x00000068                __vector_4
                0x00000068                __vector_9
                0x00000068                __vector_2
                0x00000068                __vector_8
                0x00000068                __vector_14
                0x00000068                __vector_10
                0x0000006a                . = ALIGN (0x2)
 *(.text.*)
 .text.setup    0x0000006a        0x6 Sketch.o
                0x0000006a                setup
 .text.loop     0x00000070       0x20 Sketch.o
                0x00000070                loop
 .text.startup.main
                0x00000090       0x14 C:\Users\fabio\Documents\ArduinoSketchFranizinho\ArduinoSketchFranizinho\ArduinoCore\Debug\libArduinoCore.a(main.o)
                0x00000090                main
 .text.__vector_5
                0x000000a4       0x94 C:\Users\fabio\Documents\ArduinoSketchFranizinho\ArduinoSketchFranizinho\ArduinoCore\Debug\libArduinoCore.a(wiring.o)
                0x000000a4                __vector_5
 .text.micros   0x00000138       0x4c C:\Users\fabio\Documents\ArduinoSketchFranizinho\ArduinoSketchFranizinho\ArduinoCore\Debug\libArduinoCore.a(wiring.o)
                0x00000138                micros
 .text.delay    0x00000184       0x72 C:\Users\fabio\Documents\ArduinoSketchFranizinho\ArduinoSketchFranizinho\ArduinoCore\Debug\libArduinoCore.a(wiring.o)
                0x00000184                delay
 .text.init     0x000001f6       0x36 C:\Users\fabio\Documents\ArduinoSketchFranizinho\ArduinoSketchFranizinho\ArduinoCore\Debug\libArduinoCore.a(wiring.o)
                0x000001f6                init
 .text.turnOffPWM
                0x0000022c       0x2c C:\Users\fabio\Documents\ArduinoSketchFranizinho\ArduinoSketchFranizinho\ArduinoCore\Debug\libArduinoCore.a(wiring_digital.o)
 .text.initVariant
                0x00000258        0x8 C:\Users\fabio\Documents\ArduinoSketchFranizinho\ArduinoSketchFranizinho\ArduinoCore\Debug\libArduinoCore.a(wiring_digital.o)
                0x00000258                initVariant
 .text.pinMode  0x00000260       0x78 C:\Users\fabio\Documents\ArduinoSketchFranizinho\ArduinoSketchFranizinho\ArduinoCore\Debug\libArduinoCore.a(wiring_digital.o)
                0x00000260                pinMode
 .text.digitalWrite
                0x000002d8       0x5c C:\Users\fabio\Documents\ArduinoSketchFranizinho\ArduinoSketchFranizinho\ArduinoCore\Debug\libArduinoCore.a(wiring_digital.o)
                0x000002d8                digitalWrite
 .text.__empty  0x00000334        0x2 C:\Users\fabio\Documents\ArduinoSketchFranizinho\ArduinoSketchFranizinho\ArduinoCore\Debug\libArduinoCore.a(hooks.o)
                0x00000334                yield
                0x00000336                . = ALIGN (0x2)
 *(.fini9)
 .fini9         0x00000336        0x0 c:/program files (x86)/atmel/studio/7.0/toolchain/avr8/avr8-gnu-toolchain/bin/../lib/gcc/avr/5.4.0/avr25\libgcc.a(_exit.o)
                0x00000336                _exit
                0x00000336                exit
 *(.fini9)
 *(.fini8)
 *(.fini8)
 *(.fini7)
 *(.fini7)
 *(.fini6)
 *(.fini6)
 *(.fini5)
 *(.fini5)
 *(.fini4)
 *(.fini4)
 *(.fini3)
 *(.fini3)
 *(.fini2)
 *(.fini2)
 *(.fini1)
 *(.fini1)
 *(.fini0)
 .fini0         0x00000336        0x4 c:/program files (x86)/atmel/studio/7.0/toolchain/avr8/avr8-gnu-toolchain/bin/../lib/gcc/avr/5.4.0/avr25\libgcc.a(_exit.o)
 *(.fini0)
                0x0000033a                _etext = .

.data           0x00800060        0x0 load address 0x0000033a
                [!provide]                PROVIDE (__data_start, .)
 *(.data)
 *(.data*)
 *(.rodata)
 *(.rodata*)
 *(.gnu.linkonce.d*)
                0x00800060                . = ALIGN (0x2)
                0x00800060                _edata = .
                [!provide]                PROVIDE (__data_end, .)

.bss            0x00800060        0x9
                0x00800060                PROVIDE (__bss_start, .)
 *(.bss)
 *(.bss*)
 .bss.timer0_fract
                0x00800060        0x1 C:\Users\fabio\Documents\ArduinoSketchFranizinho\ArduinoSketchFranizinho\ArduinoCore\Debug\libArduinoCore.a(wiring.o)
 .bss.timer0_millis
                0x00800061        0x4 C:\Users\fabio\Documents\ArduinoSketchFranizinho\ArduinoSketchFranizinho\ArduinoCore\Debug\libArduinoCore.a(wiring.o)
                0x00800061                timer0_millis
 .bss.timer0_overflow_count
                0x00800065        0x4 C:\Users\fabio\Documents\ArduinoSketchFranizinho\ArduinoSketchFranizinho\ArduinoCore\Debug\libArduinoCore.a(wiring.o)
                0x00800065                timer0_overflow_count
 *(COMMON)
                0x00800069                PROVIDE (__bss_end, .)
                0x0000033a                __data_load_start = LOADADDR (.data)
                0x0000033a                __data_load_end = (__data_load_start + SIZEOF (.data))

.noinit         0x00800069        0x0
                [!provide]                PROVIDE (__noinit_start, .)
 *(.noinit*)
                [!provide]                PROVIDE (__noinit_end, .)
                0x00800069                _end = .
                [!provide]                PROVIDE (__heap_start, .)

.eeprom         0x00810000        0x0
 *(.eeprom*)
                0x00810000                __eeprom_end = .

.fuse
 *(.fuse)
 *(.lfuse)
 *(.hfuse)
 *(.efuse)

.lock
 *(.lock*)

.signature
 *(.signature*)

.user_signatures
 *(.user_signatures*)

.stab
 *(.stab)

.stabstr
 *(.stabstr)

.stab.excl
 *(.stab.excl)

.stab.exclstr
 *(.stab.exclstr)

.stab.index
 *(.stab.index)

.stab.indexstr
 *(.stab.indexstr)

.comment        0x00000000       0x30
 *(.comment)
 .comment       0x00000000       0x30 Sketch.o
                                 0x31 (size before relaxing)
 .comment       0x00000030       0x31 C:\Users\fabio\Documents\ArduinoSketchFranizinho\ArduinoSketchFranizinho\ArduinoCore\Debug\libArduinoCore.a(main.o)
 .comment       0x00000030       0x31 C:\Users\fabio\Documents\ArduinoSketchFranizinho\ArduinoSketchFranizinho\ArduinoCore\Debug\libArduinoCore.a(wiring.o)
 .comment       0x00000030       0x31 C:\Users\fabio\Documents\ArduinoSketchFranizinho\ArduinoSketchFranizinho\ArduinoCore\Debug\libArduinoCore.a(wiring_digital.o)
 .comment       0x00000030       0x31 C:\Users\fabio\Documents\ArduinoSketchFranizinho\ArduinoSketchFranizinho\ArduinoCore\Debug\libArduinoCore.a(hooks.o)

.note.gnu.avr.deviceinfo
                0x00000000       0x3c
 .note.gnu.avr.deviceinfo
                0x00000000       0x3c C:/Program Files (x86)/Atmel/Studio/7.0/Packs/atmel/ATtiny_DFP/1.2.118/gcc/dev/attiny85/avr25/crtattiny85.o

.note.gnu.build-id
 *(.note.gnu.build-id)

.debug
 *(.debug)

.line
 *(.line)

.debug_srcinfo
 *(.debug_srcinfo)

.debug_sfnames
 *(.debug_sfnames)

.debug_aranges  0x00000000      0x100
 *(.debug_aranges)
 .debug_aranges
                0x00000000       0x28 Sketch.o
 .debug_aranges
                0x00000028       0x30 C:\Users\fabio\Documents\ArduinoSketchFranizinho\ArduinoSketchFranizinho\ArduinoCore\Debug\libArduinoCore.a(main.o)
 .debug_aranges
                0x00000058       0x48 C:\Users\fabio\Documents\ArduinoSketchFranizinho\ArduinoSketchFranizinho\ArduinoCore\Debug\libArduinoCore.a(wiring.o)
 .debug_aranges
                0x000000a0       0x40 C:\Users\fabio\Documents\ArduinoSketchFranizinho\ArduinoSketchFranizinho\ArduinoCore\Debug\libArduinoCore.a(wiring_digital.o)
 .debug_aranges
                0x000000e0       0x20 C:\Users\fabio\Documents\ArduinoSketchFranizinho\ArduinoSketchFranizinho\ArduinoCore\Debug\libArduinoCore.a(hooks.o)

.debug_pubnames
 *(.debug_pubnames)

.debug_info     0x00000000      0xfe8
 *(.debug_info .gnu.linkonce.wi.*)
 .debug_info    0x00000000      0x420 C:/Program Files (x86)/Atmel/Studio/7.0/Packs/atmel/ATtiny_DFP/1.2.118/gcc/dev/attiny85/avr25/crtattiny85.o
 .debug_info    0x00000420      0x1cd Sketch.o
 .debug_info    0x000005ed      0x1c4 C:\Users\fabio\Documents\ArduinoSketchFranizinho\ArduinoSketchFranizinho\ArduinoCore\Debug\libArduinoCore.a(main.o)
 .debug_info    0x000007b1      0x258 C:\Users\fabio\Documents\ArduinoSketchFranizinho\ArduinoSketchFranizinho\ArduinoCore\Debug\libArduinoCore.a(wiring.o)
 .debug_info    0x00000a09      0x5a1 C:\Users\fabio\Documents\ArduinoSketchFranizinho\ArduinoSketchFranizinho\ArduinoCore\Debug\libArduinoCore.a(wiring_digital.o)
 .debug_info    0x00000faa       0x3e C:\Users\fabio\Documents\ArduinoSketchFranizinho\ArduinoSketchFranizinho\ArduinoCore\Debug\libArduinoCore.a(hooks.o)

.debug_abbrev   0x00000000      0x88c
 *(.debug_abbrev)
 .debug_abbrev  0x00000000      0x3e8 C:/Program Files (x86)/Atmel/Studio/7.0/Packs/atmel/ATtiny_DFP/1.2.118/gcc/dev/attiny85/avr25/crtattiny85.o
 .debug_abbrev  0x000003e8       0xc1 Sketch.o
 .debug_abbrev  0x000004a9      0x11e C:\Users\fabio\Documents\ArduinoSketchFranizinho\ArduinoSketchFranizinho\ArduinoCore\Debug\libArduinoCore.a(main.o)
 .debug_abbrev  0x000005c7      0x137 C:\Users\fabio\Documents\ArduinoSketchFranizinho\ArduinoSketchFranizinho\ArduinoCore\Debug\libArduinoCore.a(wiring.o)
 .debug_abbrev  0x000006fe      0x164 C:\Users\fabio\Documents\ArduinoSketchFranizinho\ArduinoSketchFranizinho\ArduinoCore\Debug\libArduinoCore.a(wiring_digital.o)
 .debug_abbrev  0x00000862       0x2a C:\Users\fabio\Documents\ArduinoSketchFranizinho\ArduinoSketchFranizinho\ArduinoCore\Debug\libArduinoCore.a(hooks.o)

.debug_line     0x00000000      0x89f
 *(.debug_line .debug_line.* .debug_line_end)
 .debug_line    0x00000000       0xf1 C:/Program Files (x86)/Atmel/Studio/7.0/Packs/atmel/ATtiny_DFP/1.2.118/gcc/dev/attiny85/avr25/crtattiny85.o
 .debug_line    0x000000f1      0x142 Sketch.o
 .debug_line    0x00000233      0x162 C:\Users\fabio\Documents\ArduinoSketchFranizinho\ArduinoSketchFranizinho\ArduinoCore\Debug\libArduinoCore.a(main.o)
 .debug_line    0x00000395      0x279 C:\Users\fabio\Documents\ArduinoSketchFranizinho\ArduinoSketchFranizinho\ArduinoCore\Debug\libArduinoCore.a(wiring.o)
 .debug_line    0x0000060e      0x250 C:\Users\fabio\Documents\ArduinoSketchFranizinho\ArduinoSketchFranizinho\ArduinoCore\Debug\libArduinoCore.a(wiring_digital.o)
 .debug_line    0x0000085e       0x41 C:\Users\fabio\Documents\ArduinoSketchFranizinho\ArduinoSketchFranizinho\ArduinoCore\Debug\libArduinoCore.a(hooks.o)

.debug_frame    0x00000000      0x1fc
 *(.debug_frame)
 .debug_frame   0x00000000       0x34 Sketch.o
 .debug_frame   0x00000034       0x54 C:\Users\fabio\Documents\ArduinoSketchFranizinho\ArduinoSketchFranizinho\ArduinoCore\Debug\libArduinoCore.a(main.o)
 .debug_frame   0x00000088       0xc4 C:\Users\fabio\Documents\ArduinoSketchFranizinho\ArduinoSketchFranizinho\ArduinoCore\Debug\libArduinoCore.a(wiring.o)
 .debug_frame   0x0000014c       0x8c C:\Users\fabio\Documents\ArduinoSketchFranizinho\ArduinoSketchFranizinho\ArduinoCore\Debug\libArduinoCore.a(wiring_digital.o)
 .debug_frame   0x000001d8       0x24 C:\Users\fabio\Documents\ArduinoSketchFranizinho\ArduinoSketchFranizinho\ArduinoCore\Debug\libArduinoCore.a(hooks.o)

.debug_str      0x00000000      0x6c9
 *(.debug_str)
 .debug_str     0x00000000      0x169 C:/Program Files (x86)/Atmel/Studio/7.0/Packs/atmel/ATtiny_DFP/1.2.118/gcc/dev/attiny85/avr25/crtattiny85.o
 .debug_str     0x00000169      0x237 Sketch.o
                                0x277 (size before relaxing)
 .debug_str     0x000003a0       0xba C:\Users\fabio\Documents\ArduinoSketchFranizinho\ArduinoSketchFranizinho\ArduinoCore\Debug\libArduinoCore.a(main.o)
                                0x2b1 (size before relaxing)
 .debug_str     0x0000045a      0x165 C:\Users\fabio\Documents\ArduinoSketchFranizinho\ArduinoSketchFranizinho\ArduinoCore\Debug\libArduinoCore.a(wiring.o)
                                0x246 (size before relaxing)
 .debug_str     0x000005bf       0xee C:\Users\fabio\Documents\ArduinoSketchFranizinho\ArduinoSketchFranizinho\ArduinoCore\Debug\libArduinoCore.a(wiring_digital.o)
                                0x2b8 (size before relaxing)
 .debug_str     0x000006ad       0x1c C:\Users\fabio\Documents\ArduinoSketchFranizinho\ArduinoSketchFranizinho\ArduinoCore\Debug\libArduinoCore.a(hooks.o)
                                0x146 (size before relaxing)

.debug_loc      0x00000000      0x83e
 *(.debug_loc)
 .debug_loc     0x00000000      0x28d C:\Users\fabio\Documents\ArduinoSketchFranizinho\ArduinoSketchFranizinho\ArduinoCore\Debug\libArduinoCore.a(wiring.o)
 .debug_loc     0x0000028d      0x5b1 C:\Users\fabio\Documents\ArduinoSketchFranizinho\ArduinoSketchFranizinho\ArduinoCore\Debug\libArduinoCore.a(wiring_digital.o)

.debug_macinfo
 *(.debug_macinfo)

.debug_weaknames
 *(.debug_weaknames)

.debug_funcnames
 *(.debug_funcnames)

.debug_typenames
 *(.debug_typenames)

.debug_varnames
 *(.debug_varnames)

.debug_pubtypes
 *(.debug_pubtypes)

.debug_ranges   0x00000000       0xb0
 *(.debug_ranges)
 .debug_ranges  0x00000000       0x18 Sketch.o
 .debug_ranges  0x00000018       0x20 C:\Users\fabio\Documents\ArduinoSketchFranizinho\ArduinoSketchFranizinho\ArduinoCore\Debug\libArduinoCore.a(main.o)
 .debug_ranges  0x00000038       0x38 C:\Users\fabio\Documents\ArduinoSketchFranizinho\ArduinoSketchFranizinho\ArduinoCore\Debug\libArduinoCore.a(wiring.o)
 .debug_ranges  0x00000070       0x30 C:\Users\fabio\Documents\ArduinoSketchFranizinho\ArduinoSketchFranizinho\ArduinoCore\Debug\libArduinoCore.a(wiring_digital.o)
 .debug_ranges  0x000000a0       0x10 C:\Users\fabio\Documents\ArduinoSketchFranizinho\ArduinoSketchFranizinho\ArduinoCore\Debug\libArduinoCore.a(hooks.o)

.debug_macro
 *(.debug_macro)
OUTPUT(Blink.elf elf32-avr)
LOAD linker stubs
